// Jest Snapshot v1, https://goo.gl/fbAQLP

exports[`one 1`] = `
Object {
  "classes": Array [
    Object {
      "kind": "object",
      "props": Array [
        Object {
          "key": "foo",
          "kind": "property",
          "value": Object {
            "kind": "boolean",
          },
        },
      ],
    },
  ],
  "kind": "program",
}
`;
